INFO:     Will watch for changes in these directories: ['C:\\Users\\IFEANYI-ORAE\\OneDrive\\Documents\\Prediction Market Strategy Builder\\prediction-market-builder\\backend']
INFO:     Uvicorn running on http://0.0.0.0:8000 (Press CTRL+C to quit)
INFO:     Started reloader process [10528] using StatReload
INFO:     Started server process [1572]
INFO:     Waiting for application startup.
INFO:     Application startup complete.
INFO:     127.0.0.1:60347 - "WebSocket /ws/chat" [accepted]
INFO:     connection open
ERROR:    Exception in ASGI application
Traceback (most recent call last):
  File "C:\Users\IFEANYI-ORAE\AppData\Local\Programs\Python\Python313\Lib\site-packages\uvicorn\protocols\websockets\websockets_impl.py", line 239, in run_asgi
    result = await self.app(self.scope, self.asgi_receive, self.asgi_send)  # type: ignore[func-returns-value]
             ^^^^^^^^^^^^^^^^^^^^^^^^^^^^^^^^^^^^^^^^^^^^^^^^^^^^^^^^^^^^^
  File "C:\Users\IFEANYI-ORAE\AppData\Local\Programs\Python\Python313\Lib\site-packages\uvicorn\middleware\proxy_headers.py", line 56, in __call__
    return await self.app(scope, receive, send)
           ^^^^^^^^^^^^^^^^^^^^^^^^^^^^^^^^^^^^
  File "C:\Users\IFEANYI-ORAE\AppData\Local\Programs\Python\Python313\Lib\site-packages\fastapi\applications.py", line 1159, in __call__
    await super().__call__(scope, receive, send)
  File "C:\Users\IFEANYI-ORAE\AppData\Local\Programs\Python\Python313\Lib\site-packages\starlette\applications.py", line 90, in __call__
    await self.middleware_stack(scope, receive, send)
  File "C:\Users\IFEANYI-ORAE\AppData\Local\Programs\Python\Python313\Lib\site-packages\starlette\middleware\errors.py", line 151, in __call__
    await self.app(scope, receive, send)
  File "C:\Users\IFEANYI-ORAE\AppData\Local\Programs\Python\Python313\Lib\site-packages\starlette\middleware\cors.py", line 80, in __call__
    await self.app(scope, receive, send)
  File "C:\Users\IFEANYI-ORAE\AppData\Local\Programs\Python\Python313\Lib\site-packages\starlette\middleware\exceptions.py", line 63, in __call__
    await wrap_app_handling_exceptions(self.app, conn)(scope, receive, send)
  File "C:\Users\IFEANYI-ORAE\AppData\Local\Programs\Python\Python313\Lib\site-packages\starlette\_exception_handler.py", line 53, in wrapped_app
    raise exc
  File "C:\Users\IFEANYI-ORAE\AppData\Local\Programs\Python\Python313\Lib\site-packages\starlette\_exception_handler.py", line 42, in wrapped_app
    await app(scope, receive, sender)
  File "C:\Users\IFEANYI-ORAE\AppData\Local\Programs\Python\Python313\Lib\site-packages\fastapi\middleware\asyncexitstack.py", line 18, in __call__
    await self.app(scope, receive, send)
  File "C:\Users\IFEANYI-ORAE\AppData\Local\Programs\Python\Python313\Lib\site-packages\starlette\routing.py", line 660, in __call__
    await self.middleware_stack(scope, receive, send)
  File "C:\Users\IFEANYI-ORAE\AppData\Local\Programs\Python\Python313\Lib\site-packages\starlette\routing.py", line 680, in app
    await route.handle(scope, receive, send)
  File "C:\Users\IFEANYI-ORAE\AppData\Local\Programs\Python\Python313\Lib\site-packages\starlette\routing.py", line 350, in handle
    await self.app(scope, receive, send)
  File "C:\Users\IFEANYI-ORAE\AppData\Local\Programs\Python\Python313\Lib\site-packages\fastapi\routing.py", line 160, in app
    await wrap_app_handling_exceptions(app, session)(scope, receive, send)
  File "C:\Users\IFEANYI-ORAE\AppData\Local\Programs\Python\Python313\Lib\site-packages\starlette\_exception_handler.py", line 53, in wrapped_app
    raise exc
  File "C:\Users\IFEANYI-ORAE\AppData\Local\Programs\Python\Python313\Lib\site-packages\starlette\_exception_handler.py", line 42, in wrapped_app
    await app(scope, receive, sender)
  File "C:\Users\IFEANYI-ORAE\AppData\Local\Programs\Python\Python313\Lib\site-packages\fastapi\routing.py", line 157, in app
    await func(session)
  File "C:\Users\IFEANYI-ORAE\AppData\Local\Programs\Python\Python313\Lib\site-packages\fastapi\routing.py", line 764, in app
    await dependant.call(**solved_result.values)
  File "C:\Users\IFEANYI-ORAE\OneDrive\Documents\Prediction Market Strategy Builder\prediction-market-builder\backend\app\routers\chat.py", line 33, in chat_endpoint
    data = await websocket.receive_json()
           ^^^^^^^^^^^^^^^^^^^^^^^^^^^^^^
  File "C:\Users\IFEANYI-ORAE\AppData\Local\Programs\Python\Python313\Lib\site-packages\starlette\websockets.py", line 142, in receive_json
    return json.loads(text)
           ~~~~~~~~~~^^^^^^
  File "C:\Users\IFEANYI-ORAE\AppData\Local\Programs\Python\Python313\Lib\json\__init__.py", line 346, in loads
    return _default_decoder.decode(s)
           ~~~~~~~~~~~~~~~~~~~~~~~^^^
  File "C:\Users\IFEANYI-ORAE\AppData\Local\Programs\Python\Python313\Lib\json\decoder.py", line 345, in decode
    obj, end = self.raw_decode(s, idx=_w(s, 0).end())
               ~~~~~~~~~~~~~~~^^^^^^^^^^^^^^^^^^^^^^^
  File "C:\Users\IFEANYI-ORAE\AppData\Local\Programs\Python\Python313\Lib\json\decoder.py", line 363, in raw_decode
    raise JSONDecodeError("Expecting value", s, err.value) from None
json.decoder.JSONDecodeError: Expecting value: line 1 column 1 (char 0)
INFO:     connection closed
INFO:     127.0.0.1:60354 - "WebSocket /ws/chat" [accepted]
INFO:     connection open
INFO:     connection closed
WARNING:  StatReload detected changes in 'app\services\market_aggregator.py'. Reloading...
INFO:     Shutting down
INFO:     Waiting for connections to close. (CTRL+C to force quit)
INFO:     Waiting for application shutdown.
INFO:     Application shutdown complete.
INFO:     Finished server process [1572]
INFO:     Started server process [18808]
INFO:     Waiting for application startup.
INFO:     Application startup complete.
WARNING:  StatReload detected changes in 'tests\conftest.py'. Reloading...
INFO:     Shutting down
INFO:     Waiting for application shutdown.
INFO:     Application shutdown complete.
INFO:     Finished server process [18808]
INFO:     Started server process [4988]
INFO:     Waiting for application startup.
INFO:     Application startup complete.
WARNING:  StatReload detected changes in 'app\routers\chat.py'. Reloading...
